C51 COMPILER V9.01   ADC                                                                   12/13/2025 09:59:39 PAGE 1   


C51 COMPILER V9.01, COMPILATION OF MODULE ADC
OBJECT MODULE PLACED IN ADC.obj
COMPILER INVOKED BY: C:\Keil\C51\BIN\C51.EXE Project\Source\ADC.c LARGE ROM(COMPACT) OPTIMIZE(SIZE) BROWSE NOAREGS INCDI
                    -R(.\Project\include) DEBUG OBJECTEXTEND PRINT(.\ADC.lst) OBJECT(ADC.obj)

line level    source

   1          #include "ADC.H"
   2          uint8_t idata ADC_Value;
   3          void ADC_Init(void)
   4          {
   5   1                      ADC_CFG |= bADC_EN;
   6   1                      ADC_CFG |= bADC_CLK;
   7   1                      ADC_CHAN1 = 0;
   8   1                      ADC_CHAN0 = 0;
   9   1                      ADC_IF = 0;
  10   1                      IE_ADC = 1;
  11   1                      ADC_START = 1;
  12   1      }
  13          void ADC_Interrupt(void) interrupt INT_NO_ADC
  14          {
  15   1              ADC_IF = 0;
  16   1              ADC_START = 1;
  17   1              ADC_Value = ADC_DATA;
  18   1      }


MODULE INFORMATION:   STATIC OVERLAYABLE
   CODE SIZE        =     36    ----
   CONSTANT SIZE    =   ----    ----
   XDATA SIZE       =   ----    ----
   PDATA SIZE       =   ----    ----
   DATA SIZE        =   ----    ----
   IDATA SIZE       =      1    ----
   BIT SIZE         =   ----    ----
END OF MODULE INFORMATION.


C51 COMPILATION COMPLETE.  0 WARNING(S),  0 ERROR(S)
