BL51 BANKED LINKER/LOCATER V6.22                                                        12/15/2025  08:35:41  PAGE 1


BL51 BANKED LINKER/LOCATER V6.22, INVOKED BY:
C:\KEIL\C51\BIN\BL51.EXE Debug.obj, Main.obj, Timer0.obj, Effect.obj, Savedata.obj, WriteFlashROM.obj, ADC.obj, Effect_R
>> GBDance.obj TO ch554_txm RAMSIZE (256)


MEMORY MODEL: LARGE


INPUT MODULES INCLUDED:
  Debug.obj (DEBUG)
  Main.obj (MAIN)
  Timer0.obj (TIMER0)
  Effect.obj (EFFECT)
  Savedata.obj (SAVEDATA)
  WriteFlashROM.obj (WRITEFLASHROM)
  ADC.obj (ADC)
  Effect_RGBDance.obj (EFFECT_RGBDANCE)
  C:\KEIL\C51\LIB\C51L.LIB (?C_STARTUP)
  C:\KEIL\C51\LIB\C51L.LIB (?C?COPY)
  C:\KEIL\C51\LIB\C51L.LIB (?C?IMUL)
  C:\KEIL\C51\LIB\C51L.LIB (?C?UIDIV)
  C:\KEIL\C51\LIB\C51L.LIB (?C?SIDIV)
  C:\KEIL\C51\LIB\C51L.LIB (?C?IILDX)
  C:\KEIL\C51\LIB\C51L.LIB (?C?ILDPTR)
  C:\KEIL\C51\LIB\C51L.LIB (?C?ULDIV)
  C:\KEIL\C51\LIB\C51L.LIB (?C?SLDIV)
  C:\KEIL\C51\LIB\C51L.LIB (?C?ULCMP)
  C:\KEIL\C51\LIB\C51L.LIB (?C?ULSHR)
  C:\KEIL\C51\LIB\C51L.LIB (?C?SLSHR)
  C:\KEIL\C51\LIB\C51L.LIB (?C?LSHL)
  C:\KEIL\C51\LIB\C51L.LIB (?C?LLDXDATA)
  C:\KEIL\C51\LIB\C51L.LIB (?C?LLDXDATA0)
  C:\KEIL\C51\LIB\C51L.LIB (?C?LILDXDATA)
  C:\KEIL\C51\LIB\C51L.LIB (?C?LSTXDATA)
  C:\KEIL\C51\LIB\C51L.LIB (?C?LSTKXDATA)
  C:\KEIL\C51\LIB\C51L.LIB (?C?OFFXADD)
  C:\KEIL\C51\LIB\C51L.LIB (RAND)
  C:\KEIL\C51\LIB\C51L.LIB (?C_INIT)


LINK MAP OF MODULE:  ch554_txm (DEBUG)


            TYPE    BASE      LENGTH    RELOCATION   SEGMENT NAME
            -----------------------------------------------------

            * * * * * * *   D A T A   M E M O R Y   * * * * * * *
            REG     0000H     0008H     ABSOLUTE     "REG BANK 0"
            DATA    0008H     0001H     UNIT         _DATA_GROUP_
            IDATA   0009H     0006H     UNIT         ?ID?TIMER0
            IDATA   000FH     0001H     UNIT         ?ID?EFFECT
            REG     0010H     0008H     ABSOLUTE     "REG BANK 2"
            REG     0018H     0008H     ABSOLUTE     "REG BANK 3"
            BIT     0020H.0   0000H.1   UNIT         ?BI?MAIN
                    0020H.1   0000H.7                *** GAP ***
            IDATA   0021H     0004H     UNIT         ?ID?MAIN
            IDATA   0025H     0001H     UNIT         ?ID?ADC
            IDATA   0026H     0001H     UNIT         ?STACK
BL51 BANKED LINKER/LOCATER V6.22                                                      12/15/2025  08:35:41  PAGE 2



            * * * * * * *  X D A T A   M E M O R Y  * * * * * * *
            XDATA   0000H     0100H     UNIT         ?XD?MAIN
            XDATA   0100H     004FH     UNIT         ?XD?EFFECT
            XDATA   014FH     000BH     UNIT         ?XD?EFFECT_RGBDANCE
            XDATA   015AH     0009H     UNIT         _XDATA_GROUP_
            XDATA   0163H     0005H     UNIT         ?XD?MINITSTDIO?DEBUG
            XDATA   0168H     0005H     UNIT         ?XD?TIMER0
            XDATA   016DH     0005H     UNIT         ?XD?_RGB_PROCESSKEY?EFFECT
            XDATA   0172H     0004H     UNIT         ?XD?RAND?RAND
            XDATA   0176H     0002H     UNIT         ?XD?_CHECK_BUTTON?EFFECT
            XDATA   0178H     0002H     UNIT         ?XD?_PROGRAM_EFFECT?EFFECT
            XDATA   017AH     0002H     UNIT         ?XD?SAVEDATA
            XDATA   017CH     0002H     UNIT         ?XD?_EFFECT_MOVECOLOR?EFFECT_RGBDANCE
            XDATA   017EH     0001H     UNIT         ?XD?_SETCOLOR?EFFECT
            XDATA   017FH     0001H     UNIT         ?XD?KEY_GETKEY?EFFECT
            XDATA   0180H     0001H     UNIT         ?XD?_EFFECT_MOVECOLOR2?EFFECT_RGBDANCE

            * * * * * * *   C O D E   M E M O R Y   * * * * * * *
            CODE    0000H     0003H     ABSOLUTE     
            CODE    0003H     0003H     INBLOCK      ?PR?_CH554WDTFEED?DEBUG
            CODE    0006H     0003H     INBLOCK      ?PR?RGB_ONDISPLAY?EFFECT
                    0009H     0002H                  *** GAP ***
            CODE    000BH     0003H     ABSOLUTE     
            CODE    000EH     000AH     INBLOCK      ?PR?UART1SETUP?DEBUG
                    0018H     0003H                  *** GAP ***
            CODE    001BH     0003H     ABSOLUTE     
            CODE    001EH     000AH     INBLOCK      ?PR?RGB_PININIT?EFFECT
                    0028H     0003H                  *** GAP ***
            CODE    002BH     0003H     ABSOLUTE     
            CODE    002EH     001AH     INBLOCK      ?PR?_MDELAYUS?DEBUG
                    0048H     0003H                  *** GAP ***
            CODE    004BH     0003H     ABSOLUTE     
            CODE    004EH     071AH     INBLOCK      ?PR?_RGB_PROCESSKEY?EFFECT
            CODE    0768H     008CH     UNIT         ?C_C51STARTUP
            CODE    07F4H     0009H     INBLOCK      ?PR?RGB_OFFDISPLAY?EFFECT
                    07FDH     0003H                  *** GAP ***
            CODE    0800H     06F2H     INBLOCK      ?PR?_PROGRAM_EFFECT?EFFECT
            CODE    0EF2H     0383H     UNIT         ?C?LIB_CODE
            CODE    1275H     02C8H     INBLOCK      ?PR?HANDLER_COLOR_BUTTON?MAIN
            CODE    153DH     0214H     INBLOCK      ?PR?_CHECK_BUTTON?EFFECT
            CODE    1751H     01A4H     UNIT         ?C_INITSEG
            CODE    18F5H     0174H     INBLOCK      ?PR?_EFFECT_MOVECOLOR?EFFECT_RGBDANCE
            CODE    1A69H     013EH     INBLOCK      ?PR?_EFFECT_MOVECOLOR2?EFFECT_RGBDANCE
            CODE    1BA7H     00BDH     INBLOCK      ?PR?MAIN?MAIN
            CODE    1C64H     00B0H     INBLOCK      ?PR?TIMER2_CAPTURE?TIMER0
            CODE    1D14H     007FH     INBLOCK      ?PR?MINITSTDIO?DEBUG
            CODE    1D93H     007EH     INBLOCK      ?PR?_RGB_SETSPEED?EFFECT
            CODE    1E11H     007BH     INBLOCK      ?PR?_PROGRAM_AUTOEFFECT?EFFECT
            CODE    1E8CH     0070H     INBLOCK      ?PR?_SETCOLOR?EFFECT
            CODE    1EFCH     006AH     INBLOCK      ?PR?TIMER0_UPDATE?TIMER0
            CODE    1F66H     0062H     INBLOCK      ?PR?KEY_GETKEY?EFFECT
            CODE    1FC8H     0031H     INBLOCK      ?PR?TIMER1_UPDATE?TIMER0
                    1FF9H     0007H                  *** GAP ***
            CODE    2000H     0062H     INBLOCK      ?PR?_WRITEDOUBLEBYTEROM?WRITEFLASHROM
            CODE    2062H     004EH     INBLOCK      ?PR?_RGB_SETBRIGHT?EFFECT
            CODE    20B0H     004DH     UNIT         ?PR?RAND?RAND
BL51 BANKED LINKER/LOCATER V6.22                                                      12/15/2025  08:35:41  PAGE 3


            CODE    20FDH     004CH     INBLOCK      ?PR?_SETPROCESSAUTOEFFECT?EFFECT
            CODE    2149H     0049H     INBLOCK      ?PR?_TIMER1_INIT?TIMER0
            CODE    2192H     0049H     INBLOCK      ?PR?_RGB_SETCOLOR?EFFECT
            CODE    21DBH     0047H     INBLOCK      ?PR?_TIMER0_INIT?TIMER0
            CODE    2222H     0047H     INBLOCK      ?PR?_LED7_OUTDATA?EFFECT
            CODE    2269H     0044H     UNIT         ?C?LDIV
            CODE    22ADH     003AH     INBLOCK      ?PR?_AUDIO_CONVERT?EFFECT
            CODE    22E7H     0029H     INBLOCK      ?PR?_RGB_SETMODESPEED?EFFECT
            CODE    2310H     001EH     INBLOCK      ?PR?TIMER2_INPUTCAPTURE_INIT?TIMER0
            CODE    232EH     0019H     INBLOCK      ?PR?_MDELAYMS?DEBUG
            CODE    2347H     0017H     INBLOCK      ?PR?_CH554WDTMODESELECT?DEBUG
            CODE    235EH     0016H     INBLOCK      ?PR?_DISPLAY_LED_7?EFFECT
            CODE    2374H     0016H     INBLOCK      ?PR?SAVEDATA?SAVEDATA
            CODE    238AH     0013H     INBLOCK      ?PR?LOADSAVEDATA?SAVEDATA
            CODE    239DH     0013H     INBLOCK      ?PR?ADC_INTERRUPT?ADC
            CODE    23B0H     0012H     INBLOCK      ?PR?CFGFSYS?DEBUG
            CODE    23C2H     0011H     INBLOCK      ?PR?ADC_INIT?ADC



OVERLAY MAP OF MODULE:   ch554_txm (DEBUG)


SEGMENT                                          DATA_GROUP          XDATA_GROUP
  +--> CALLED SEGMENT                          START    LENGTH     START    LENGTH
----------------------------------------------------------------------------------
?C_C51STARTUP                                  -----    -----      -----    -----
  +--> ?PR?MAIN?MAIN
  +--> ?C_INITSEG

?PR?MAIN?MAIN                                  -----    -----      -----    -----
  +--> ?PR?CFGFSYS?DEBUG
  +--> ?PR?_MDELAYMS?DEBUG
  +--> ?PR?_CH554WDTMODESELECT?DEBUG
  +--> ?PR?_CH554WDTFEED?DEBUG
  +--> ?PR?RGB_PININIT?EFFECT
  +--> ?PR?LOADSAVEDATA?SAVEDATA
  +--> ?PR?_TIMER0_INIT?TIMER0
  +--> ?PR?_TIMER1_INIT?TIMER0
  +--> ?PR?TIMER2_INPUTCAPTURE_INIT?TIMER0
  +--> ?PR?ADC_INIT?ADC
  +--> ?PR?_RGB_SETSPEED?EFFECT
  +--> ?PR?RGB_OFFDISPLAY?EFFECT
  +--> ?PR?RGB_ONDISPLAY?EFFECT
  +--> ?PR?HANDLER_COLOR_BUTTON?MAIN
  +--> ?PR?_RGB_SETCOLOR?EFFECT
  +--> ?PR?_AUDIO_CONVERT?EFFECT

?PR?_MDELAYMS?DEBUG                            -----    -----      -----    -----
  +--> ?PR?_MDELAYUS?DEBUG

?PR?_TIMER0_INIT?TIMER0                        -----    -----      015AH    0002H

?PR?_TIMER1_INIT?TIMER0                        -----    -----      015AH    0002H

?PR?_RGB_SETSPEED?EFFECT                       -----    -----      015AH    0002H

BL51 BANKED LINKER/LOCATER V6.22                                                      12/15/2025  08:35:41  PAGE 4


?PR?HANDLER_COLOR_BUTTON?MAIN                  -----    -----      015AH    0002H
  +--> ?PR?_MDELAYMS?DEBUG
  +--> ?PR?SAVEDATA?SAVEDATA

?PR?SAVEDATA?SAVEDATA                          -----    -----      -----    -----
  +--> ?PR?_WRITEDOUBLEBYTEROM?WRITEFLASHROM

?PR?_WRITEDOUBLEBYTEROM?WRITEFLASHROM          0008H    0001H      015CH    0007H

?PR?_RGB_SETCOLOR?EFFECT                       -----    -----      015AH    0005H
  +--> ?PR?_RGB_SETBRIGHT?EFFECT



SYMBOL TABLE OF MODULE:  ch554_txm (DEBUG)

  VALUE           TYPE          NAME
  ----------------------------------

  -------         MODULE        DEBUG
  C:0000H         SYMBOL        _ICE_DUMMY_
  D:0090H         PUBLIC        P1
  D:00B0H         PUBLIC        P3
  C:000EH         PUBLIC        UART1Setup
  C:2347H         PUBLIC        _CH554WDTModeSelect
  C:1D14H         PUBLIC        mInitSTDIO
  D:00E8H         PUBLIC        IE_EX
  D:00A8H         PUBLIC        IE
  C:0003H         PUBLIC        _CH554WDTFeed
  D:00B8H         PUBLIC        IP
  B:0098H.1       PUBLIC        TI
  D:00FFH         PUBLIC        WDOG_COUNT
  D:00B9H         PUBLIC        CLOCK_CFG
  C:232EH         PUBLIC        _mDelaymS
  D:00C2H         PUBLIC        SBAUD1
  D:00D8H         PUBLIC        USB_INT_FG
  C:002EH         PUBLIC        _mDelayuS
  B:00C8H.5       PUBLIC        RCLK
  B:00C8H.4       PUBLIC        TCLK
  D:0087H         PUBLIC        PCON
  D:0098H         PUBLIC        SCON
  D:0089H         PUBLIC        TMOD
  D:0088H         PUBLIC        TCON
  C:23B0H         PUBLIC        CfgFsys
  B:00C0H.5       PUBLIC        U1SMOD
  D:00F8H         PUBLIC        SPI0_STAT
  D:008DH         PUBLIC        TH1
  B:0098H.7       PUBLIC        SM0
  B:0098H.6       PUBLIC        SM1
  B:0098H.5       PUBLIC        SM2
  B:00C0H.7       PUBLIC        U1SM0
  B:0088H.6       PUBLIC        TR1
  D:0080H         PUBLIC        ADC_CTRL
  D:00A1H         PUBLIC        SAFE_MOD
  D:00B1H         PUBLIC        GLOBAL_CFG
  D:00C0H         PUBLIC        SCON1
  B:0098H.4       PUBLIC        REN
BL51 BANKED LINKER/LOCATER V6.22                                                      12/15/2025  08:35:41  PAGE 5


  D:00C9H         PUBLIC        T2MOD
  D:00C8H         PUBLIC        T2CON
  B:00C0H.4       PUBLIC        U1REN
  D:00D0H         PUBLIC        PSW
  -------         PROC          CFGFSYS
  C:23B0H         LINE#         25
  C:23B0H         LINE#         26
  C:23B0H         LINE#         27
  C:23B3H         LINE#         28
  C:23B6H         LINE#         33
  C:23BEH         LINE#         50
  C:23C1H         LINE#         51
  -------         ENDPROC       CFGFSYS
  -------         PROC          _MDELAYUS
  D:0006H         SYMBOL        n
  C:002EH         LINE#         60
  C:002EH         LINE#         61
  C:002EH         LINE#         73
  C:0032H         LINE#         74
  C:0034H         LINE#         77
  C:0036H         LINE#         80
  C:0038H         LINE#         83
  C:003AH         LINE#         86
  C:003CH         LINE#         89
  C:003EH         LINE#         92
  C:0040H         LINE#         107
  C:0045H         LINE#         108
  C:0047H         LINE#         109
  -------         ENDPROC       _MDELAYUS
  -------         PROC          _MDELAYMS
  D:0004H         SYMBOL        n
  C:232EH         LINE#         118
  C:2334H         LINE#         119
  C:2334H         LINE#         120
  C:2338H         LINE#         125
  C:233FH         LINE#         127
  C:2344H         LINE#         128
  C:2346H         LINE#         129
  -------         ENDPROC       _MDELAYMS
  -------         PROC          MINITSTDIO
  -------         DO            
  X:0163H         SYMBOL        x
  X:0167H         SYMBOL        x2
  -------         ENDDO         
  C:1D14H         LINE#         151
  C:1D14H         LINE#         152
  C:1D14H         LINE#         156
  C:1D16H         LINE#         157
  C:1D18H         LINE#         158
  C:1D1AH         LINE#         160
  C:1D1CH         LINE#         161
  C:1D1EH         LINE#         162
  C:1D21H         LINE#         163
  C:1D2BH         LINE#         164
  C:1D3FH         LINE#         165
  C:1D54H         LINE#         166
  C:1D76H         LINE#         168
BL51 BANKED LINKER/LOCATER V6.22                                                      12/15/2025  08:35:41  PAGE 6


  C:1D7EH         LINE#         169
  C:1D81H         LINE#         170
  C:1D8CH         LINE#         171
  C:1D8EH         LINE#         172
  C:1D90H         LINE#         173
  C:1D92H         LINE#         174
  -------         ENDPROC       MINITSTDIO
  -------         PROC          UART1SETUP
  C:000EH         LINE#         212
  C:000EH         LINE#         213
  C:000EH         LINE#         214
  C:0010H         LINE#         215
  C:0012H         LINE#         216
  C:0014H         LINE#         217
  C:0017H         LINE#         218
  -------         ENDPROC       UART1SETUP
  -------         PROC          _CH554WDTMODESELECT
  D:0007H         SYMBOL        mode
  C:2347H         LINE#         257
  C:2347H         LINE#         258
  C:2347H         LINE#         259
  C:234AH         LINE#         260
  C:234DH         LINE#         261
  C:2350H         LINE#         262
  C:2353H         LINE#         263
  C:2355H         LINE#         264
  C:2358H         LINE#         265
  C:235BH         LINE#         266
  C:235DH         LINE#         267
  -------         ENDPROC       _CH554WDTMODESELECT
  -------         PROC          _CH554WDTFEED
  D:0007H         SYMBOL        tim
  C:0003H         LINE#         278
  C:0003H         LINE#         279
  C:0003H         LINE#         280
  C:0005H         LINE#         281
  -------         ENDPROC       _CH554WDTFEED
  -------         ENDMOD        DEBUG

  -------         MODULE        MAIN
  C:0000H         SYMBOL        _ICE_DUMMY_
  D:0090H         PUBLIC        P1
  I:0021H         PUBLIC        Flag_Speed_Effect
  X:0000H         PUBLIC        dB_Data
  D:00B0H         PUBLIC        P3
  B:00A8H.7       PUBLIC        EA
  I:0022H         PUBLIC        Display_Effect
  D:00E8H         PUBLIC        IE_EX
  D:00A8H         PUBLIC        IE
  B:00B0H.3       PUBLIC        BUT_DON_DA
  X:0001H         PUBLIC        stat_but_dd
  X:0005H         PUBLIC        start_select_color
  D:00B8H         PUBLIC        IP
  X:0006H         PUBLIC        color
  D:00D8H         PUBLIC        USB_INT_FG
  C:1BA7H         PUBLIC        main
  X:0046H         PUBLIC        stat_but_sp
BL51 BANKED LINKER/LOCATER V6.22                                                      12/15/2025  08:35:41  PAGE 7


  B:0020H.0       PUBLIC        BIT_TMP
  D:0098H         PUBLIC        SCON
  X:004AH         PUBLIC        color_disp
  D:0088H         PUBLIC        TCON
  D:0092H         PUBLIC        P1_MOD_OC
  D:0096H         PUBLIC        P3_MOD_OC
  D:00F8H         PUBLIC        SPI0_STAT
  I:0023H         PUBLIC        Flag_IR_Convert
  B:00B0H.0       PUBLIC        BUT_SPEED
  D:0093H         PUBLIC        P1_DIR_PU
  D:0097H         PUBLIC        P3_DIR_PU
  X:004EH         PUBLIC        key_color
  B:00B0H.4       PUBLIC        BUT_MUSIC
  I:0024H         PUBLIC        Run_Effect_Done
  X:008EH         PUBLIC        color_disp_old
  X:0092H         PUBLIC        RGB_DataRam
  D:0080H         PUBLIC        ADC_CTRL
  X:00A9H         PUBLIC        key_colorMH
  X:00E9H         PUBLIC        Tongle_Led
  D:00C0H         PUBLIC        SCON1
  C:1275H         PUBLIC        handler_color_button
  D:00C8H         PUBLIC        T2CON
  X:00EDH         PUBLIC        i
  X:00F1H         PUBLIC        j
  X:00F5H         PUBLIC        DataFlash
  X:00F8H         PUBLIC        stat_but_music
  X:00FCH         PUBLIC        IR_Data
  D:00D0H         PUBLIC        PSW
  -------         PROC          MAIN
  C:1BA7H         LINE#         60
  C:1BA7H         LINE#         61
  C:1BA7H         LINE#         62
  C:1BAAH         LINE#         63
  C:1BB1H         LINE#         64
  C:1BB4H         LINE#         65
  C:1BB7H         LINE#         66
  C:1BBAH         LINE#         67
  C:1BBDH         LINE#         69
  C:1BC2H         LINE#         70
  C:1BC7H         LINE#         75
  C:1BCAH         LINE#         76
  C:1BCDH         LINE#         77
  C:1BD4H         LINE#         79
  C:1BDBH         LINE#         81
  C:1BE2H         LINE#         82
  C:1BE5H         LINE#         83
  C:1BE8H         LINE#         84
  C:1BF1H         LINE#         86
  C:1BF7H         LINE#         87
  C:1BFAH         LINE#         88
  C:1C02H         LINE#         100
  C:1C04H         LINE#         101
  C:1C12H         LINE#         104
  C:1C1CH         LINE#         106
  C:1C21H         LINE#         108
  C:1C21H         LINE#         109
  C:1C21H         LINE#         110
BL51 BANKED LINKER/LOCATER V6.22                                                      12/15/2025  08:35:41  PAGE 8


  C:1C26H         LINE#         112
  C:1C29H         LINE#         113
  C:1C3BH         LINE#         114
  C:1C4AH         LINE#         115
  C:1C56H         LINE#         116
  C:1C56H         LINE#         117
  C:1C62H         LINE#         119
  -------         ENDPROC       MAIN
  -------         PROC          HANDLER_COLOR_BUTTON
  -------         DO            
  X:015AH         SYMBOL        tm_cnt
  X:015BH         SYMBOL        i
  -------         ENDDO         
  C:1275H         LINE#         134
  C:1275H         LINE#         135
  C:1275H         LINE#         136
  C:127AH         LINE#         140
  C:1280H         LINE#         141
  C:1286H         LINE#         142
  C:129CH         LINE#         143
  C:129EH         LINE#         145
  C:12A5H         LINE#         146
  C:12ABH         LINE#         147
  C:12C1H         LINE#         148
  C:12C3H         LINE#         150
  C:12CAH         LINE#         152
  C:12D0H         LINE#         153
  C:12E6H         LINE#         155
  C:12E8H         LINE#         157
  C:12EFH         LINE#         161
  C:1397H         LINE#         163
  C:1397H         LINE#         165
  C:139DH         LINE#         166
  C:13A0H         LINE#         167
  C:13AAH         LINE#         168
  C:13B0H         LINE#         169
  C:13B0H         LINE#         171
  C:13B7H         LINE#         172
  C:13C8H         LINE#         173
  C:1407H         LINE#         175
  C:140DH         LINE#         177
  C:141FH         LINE#         178
  C:1438H         LINE#         179
  C:144AH         LINE#         180
  C:1463H         LINE#         181
  C:1475H         LINE#         182
  C:148FH         LINE#         184
  C:1491H         LINE#         186
  C:1491H         LINE#         187
  C:1499H         LINE#         188
  C:149DH         LINE#         189
  C:14A7H         LINE#         190
  C:14ACH         LINE#         191
  C:14B6H         LINE#         192
  C:14C0H         LINE#         193
  C:14CAH         LINE#         194
  C:14CAH         LINE#         196
BL51 BANKED LINKER/LOCATER V6.22                                                      12/15/2025  08:35:41  PAGE 9


  C:14DCH         LINE#         197
  C:14DFH         LINE#         198
  C:14DFH         LINE#         199
  C:14E1H         LINE#         200
  C:14F3H         LINE#         201
  C:14F6H         LINE#         202
  C:14F6H         LINE#         203
  C:14F8H         LINE#         204
  C:150AH         LINE#         205
  C:1516H         LINE#         206
  C:151BH         LINE#         207
  C:151BH         LINE#         208
  C:151DH         LINE#         209
  C:151DH         LINE#         210
  C:1522H         LINE#         211
  C:1527H         LINE#         212
  C:1527H         LINE#         213
  C:1529H         LINE#         214
  C:1533H         LINE#         215
  C:1533H         LINE#         216
  C:1533H         LINE#         217
  C:1539H         LINE#         218
  C:153CH         LINE#         219
  -------         ENDPROC       HANDLER_COLOR_BUTTON
  -------         ENDMOD        MAIN

  -------         MODULE        TIMER0
  C:0000H         SYMBOL        _ICE_DUMMY_
  D:0090H         PUBLIC        P1
  D:00B0H         PUBLIC        P3
  B:0090H.0       PUBLIC        GPIO_GREEN
  D:00E8H         PUBLIC        IE_EX
  X:0168H         PUBLIC        u8TH0_Tmp
  D:00A8H         PUBLIC        IE
  X:0169H         PUBLIC        u8TH1_Tmp
  I:0009H         SYMBOL        CurrentDuty
  X:016AH         PUBLIC        u8TL0_Tmp
  X:016BH         PUBLIC        u8TL1_Tmp
  B:00C8H.6       PUBLIC        EXF2
  D:00B8H         PUBLIC        IP
  I:000AH         SYMBOL        IndexBit
  D:00CBH         PUBLIC        RCAP2H
  D:00D8H         PUBLIC        USB_INT_FG
  D:00CAH         PUBLIC        RCAP2L
  B:00C8H.1       PUBLIC        C_T2
  C:21DBH         PUBLIC        _Timer0_Init
  C:2149H         PUBLIC        _Timer1_Init
  B:00C8H.5       PUBLIC        RCLK
  B:00C8H.4       PUBLIC        TCLK
  D:0098H         PUBLIC        SCON
  I:000BH         PUBLIC        Flag_Capture
  D:0089H         PUBLIC        TMOD
  D:0088H         PUBLIC        TCON
  B:00B0H.1       PUBLIC        GPIO_BLUE
  D:00F8H         PUBLIC        SPI0_STAT
  B:00C8H.0       PUBLIC        CP_RL2
  B:00A8H.1       PUBLIC        ET0
BL51 BANKED LINKER/LOCATER V6.22                                                      12/15/2025  08:35:41  PAGE 10


  I:000CH         PUBLIC        Time_Capture
  B:00A8H.3       PUBLIC        ET1
  B:00A8H.5       PUBLIC        ET2
  B:00C8H.7       PUBLIC        TF2
  D:008CH         PUBLIC        TH0
  D:008DH         PUBLIC        TH1
  D:00CDH         PUBLIC        TH2
  D:008AH         PUBLIC        TL0
  D:008BH         PUBLIC        TL1
  D:00CCH         PUBLIC        TL2
  B:0088H.6       PUBLIC        TR1
  B:00C8H.2       PUBLIC        TR2
  D:0080H         PUBLIC        ADC_CTRL
  B:00C8H.3       PUBLIC        EXEN2
  D:00C0H         PUBLIC        SCON1
  D:00C9H         PUBLIC        T2MOD
  D:00C8H         PUBLIC        T2CON
  B:0090H.7       PUBLIC        GPIO_RED
  C:1C64H         PUBLIC        Timer2_Capture
  I:000EH         SYMBOL        CurrentCount
  D:00C6H         PUBLIC        PIN_FUNC
  X:016CH         PUBLIC        Effect_Time4
  C:2310H         PUBLIC        Timer2_InputCapture_Init
  D:00D0H         PUBLIC        PSW
  C:1EFCH         PUBLIC        Timer0_Update
  C:1FC8H         PUBLIC        Timer1_Update
  -------         PROC          _TIMER0_INIT
  X:015AH         SYMBOL        Counter
  C:21DBH         LINE#         37
  C:21E3H         LINE#         38
  C:21E3H         LINE#         39
  C:21E6H         LINE#         40
  C:21E9H         LINE#         41
  C:21ECH         LINE#         42
  C:220EH         LINE#         43
  C:2217H         LINE#         44
  C:221DH         LINE#         45
  C:221FH         LINE#         46
  C:2221H         LINE#         48
  -------         ENDPROC       _TIMER0_INIT
  -------         PROC          _TIMER1_INIT
  X:015AH         SYMBOL        Counter
  C:2149H         LINE#         49
  C:2151H         LINE#         50
  C:2151H         LINE#         51
  C:2154H         LINE#         52
  C:2157H         LINE#         53
  C:215AH         LINE#         54
  C:217CH         LINE#         55
  C:2185H         LINE#         56
  C:218BH         LINE#         57
  C:218DH         LINE#         58
  C:218FH         LINE#         59
  C:2191H         LINE#         60
  -------         ENDPROC       _TIMER1_INIT
  -------         PROC          TIMER2_INPUTCAPTURE_INIT
  C:2310H         LINE#         71
BL51 BANKED LINKER/LOCATER V6.22                                                      12/15/2025  08:35:41  PAGE 11


  C:2310H         LINE#         72
  C:2310H         LINE#         73
  C:2312H         LINE#         74
  C:2314H         LINE#         75
  C:2316H         LINE#         76
  C:2319H         LINE#         78
  C:231CH         LINE#         79
  C:231FH         LINE#         80
  C:2321H         LINE#         81
  C:2323H         LINE#         82
  C:2326H         LINE#         83
  C:2328H         LINE#         84
  C:232BH         LINE#         85
  C:232DH         LINE#         87
  -------         ENDPROC       TIMER2_INPUTCAPTURE_INIT
  -------         PROC          TIMER0_UPDATE
  C:1EFCH         LINE#         88
  C:1F0AH         LINE#         90
  C:1F10H         LINE#         91
  C:1F16H         LINE#         92
  C:1F1FH         LINE#         93
  C:1F21H         LINE#         94
  C:1F33H         LINE#         95
  C:1F41H         LINE#         96
  C:1F51H         LINE#         97
  C:1F57H         LINE#         98
  -------         ENDPROC       TIMER0_UPDATE
  -------         PROC          TIMER1_UPDATE
  C:1FC8H         LINE#         99
  C:1FD3H         LINE#         101
  C:1FD9H         LINE#         102
  C:1FDFH         LINE#         103
  C:1FE8H         LINE#         104
  C:1FE8H         LINE#         105
  C:1FECH         LINE#         106
  C:1FF0H         LINE#         107
  C:1FF0H         LINE#         108
  -------         ENDPROC       TIMER1_UPDATE
  -------         PROC          TIMER2_CAPTURE
  C:1C64H         LINE#         109
  C:1C71H         LINE#         111
  C:1C79H         LINE#         112
  C:1C79H         LINE#         113
  C:1C7BH         LINE#         114
  C:1C7DH         LINE#         115
  C:1C80H         LINE#         116
  C:1C82H         LINE#         117
  C:1C84H         LINE#         118
  C:1C86H         LINE#         119
  C:1C88H         LINE#         120
  C:1C8AH         LINE#         121
  C:1C93H         LINE#         122
  C:1C93H         LINE#         123
  C:1C95H         LINE#         124
  C:1C98H         LINE#         125
  C:1C9AH         LINE#         126
  C:1CA2H         LINE#         127
BL51 BANKED LINKER/LOCATER V6.22                                                      12/15/2025  08:35:41  PAGE 12


  C:1CACH         LINE#         136
  C:1CBAH         LINE#         137
  C:1CBAH         LINE#         138
  C:1CCBH         LINE#         139
  C:1CD4H         LINE#         140
  C:1CE5H         LINE#         141
  C:1CEEH         LINE#         142
  C:1CF2H         LINE#         143
  C:1CF4H         LINE#         145
  C:1CF4H         LINE#         146
  C:1CFEH         LINE#         147
  C:1D02H         LINE#         148
  C:1D02H         LINE#         149
  C:1D04H         LINE#         150
  C:1D04H         LINE#         151
  C:1D07H         LINE#         152
  C:1D07H         LINE#         153
  C:1D09H         LINE#         154
  C:1D09H         LINE#         155
  -------         ENDPROC       TIMER2_CAPTURE
  -------         ENDMOD        TIMER0

  -------         MODULE        EFFECT
  C:0000H         SYMBOL        _ICE_DUMMY_
  C:20FDH         PUBLIC        _SetProcessAutoEffect
  D:0090H         PUBLIC        P1
  D:00B0H         PUBLIC        P3
  B:0090H.0       PUBLIC        GPIO_GREEN
  X:0100H         SYMBOL        chu_so
  D:00E8H         PUBLIC        IE_EX
  C:0800H         PUBLIC        _Program_Effect
  D:00A8H         PUBLIC        IE
  B:00B0H.3       PUBLIC        BUT_DON_DA
  X:010AH         SYMBOL        Prog_Auto
  C:1F66H         PUBLIC        KEY_GetKey
  I:000FH         PUBLIC        But_Count
  D:00B8H         PUBLIC        IP
  X:0126H         PUBLIC        RedGreenBlue
  X:0129H         SYMBOL        _dBLast
  X:012AH         PUBLIC        LastMode
  C:2222H         PUBLIC        _LED7_OutData
  D:00D8H         PUBLIC        USB_INT_FG
  C:235EH         PUBLIC        _Display_LED_7
  C:1E11H         PUBLIC        _Program_AutoEffect
  B:00B0H.5       PUBLIC        LED7_DATA_A
  B:0090H.5       PUBLIC        LED7_DATA_B
  B:0090H.6       PUBLIC        LED7_DATA_C
  B:0090H.4       PUBLIC        LED7_DATA_D
  B:00B0H.2       PUBLIC        LED7_DATA_E
  B:0090H.3       PUBLIC        LED7_DATA_F
  C:1E9EH         PUBLIC        _SetColor
  B:0090H.2       PUBLIC        LED7_DATA_G
  C:07F4H         PUBLIC        RGB_OffDisplay
  D:0098H         PUBLIC        SCON
  D:0088H         PUBLIC        TCON
  B:00B0H.1       PUBLIC        GPIO_BLUE
  C:22ADH         PUBLIC        _Audio_Convert
BL51 BANKED LINKER/LOCATER V6.22                                                      12/15/2025  08:35:41  PAGE 13


  D:00F8H         PUBLIC        SPI0_STAT
  B:00B0H.0       PUBLIC        BUT_SPEED
  C:153DH         PUBLIC        _Check_Button
  X:012BH         SYMBOL        __Flag_mode
  B:00A8H.3       PUBLIC        ET1
  C:004EH         PUBLIC        _RGB_ProcessKey
  D:008DH         PUBLIC        TH1
  C:2067H         PUBLIC        _RGB_SetBright
  B:00B0H.4       PUBLIC        BUT_MUSIC
  D:008BH         PUBLIC        TL1
  C:0006H         PUBLIC        RGB_OnDisplay
  B:0088H.4       PUBLIC        TR0
  B:0088H.6       PUBLIC        TR1
  X:012CH         SYMBOL        Flag_Button
  C:1D93H         PUBLIC        _RGB_SetSpeed
  D:0080H         PUBLIC        ADC_CTRL
  X:012DH         SYMBOL        Flag_Music
  D:00C0H         PUBLIC        SCON1
  C:22E7H         PUBLIC        _RGB_SetModeSpeed
  D:00C9H         PUBLIC        T2MOD
  D:00C8H         PUBLIC        T2CON
  X:012EH         SYMBOL        k
  X:012FH         SYMBOL        m
  C:21A2H         PUBLIC        _RGB_SetColor
  B:0090H.7       PUBLIC        GPIO_RED
  X:0130H         PUBLIC        ColorTable
  X:014CH         PUBLIC        Delay_Music_MONO
  X:014DH         SYMBOL        t
  D:00D0H         PUBLIC        PSW
  C:001EH         PUBLIC        RGB_PinInit
  -------         PROC          RGB_PININIT
  C:001EH         LINE#         30
  C:001EH         LINE#         31
  C:001EH         LINE#         32
  C:0023H         LINE#         33
  C:0025H         LINE#         34
  C:0027H         LINE#         35
  -------         ENDPROC       RGB_PININIT
  -------         PROC          _AUDIO_CONVERT
  D:0007H         SYMBOL        ADC_Value_In
  -------         DO            
  D:0007H         SYMBOL        _dBData
  -------         ENDDO         
  C:22ADH         LINE#         36
  C:22ADH         LINE#         37
  C:22ADH         LINE#         39
  C:22B1H         LINE#         42
  C:22BBH         LINE#         43
  C:22BBH         LINE#         44
  C:22C0H         LINE#         45
  C:22C5H         LINE#         46
  C:22C7H         LINE#         48
  C:22C7H         LINE#         49
  C:22D4H         LINE#         50
  C:22D4H         LINE#         51
  C:22D6H         LINE#         52
  C:22E1H         LINE#         53
BL51 BANKED LINKER/LOCATER V6.22                                                      12/15/2025  08:35:41  PAGE 14


  C:22E1H         LINE#         54
  C:22E1H         LINE#         55
  C:22E6H         LINE#         56
  -------         ENDPROC       _AUDIO_CONVERT
  -------         PROC          _RGB_SETMODESPEED
  D:0007H         SYMBOL        Mode
  C:22E7H         LINE#         58
  C:22E7H         LINE#         59
  C:22E7H         LINE#         60
  C:22EEH         LINE#         61
  C:22EEH         LINE#         62
  C:22F0H         LINE#         63
  C:22F4H         LINE#         64
  C:22F9H         LINE#         65
  C:22FDH         LINE#         66
  C:22FDH         LINE#         67
  C:2300H         LINE#         68
  C:2303H         LINE#         69
  C:2305H         LINE#         71
  C:2308H         LINE#         72
  C:230AH         LINE#         73
  C:230FH         LINE#         74
  C:230FH         LINE#         79
  -------         ENDPROC       _RGB_SETMODESPEED
  -------         PROC          _RGB_SETSPEED
  D:0007H         SYMBOL        Speed
  -------         DO            
  X:015AH         SYMBOL        Temp
  -------         ENDDO         
  C:1D93H         LINE#         80
  C:1D93H         LINE#         81
  C:1D93H         LINE#         83
  C:1D9FH         LINE#         84
  C:1DA1H         LINE#         85
  C:1DB9H         LINE#         86
  C:1DDBH         LINE#         87
  C:1E04H         LINE#         88
  C:1E0AH         LINE#         89
  C:1E0CH         LINE#         90
  C:1E0EH         LINE#         91
  C:1E10H         LINE#         92
  -------         ENDPROC       _RGB_SETSPEED
  C:2062H         SYMBOL        L?0353
  -------         PROC          L?0352
  -------         ENDPROC       L?0352
  C:2062H         SYMBOL        L?0353
  -------         PROC          _RGB_SETBRIGHT
  D:0003H         SYMBOL        Brightness
  C:2067H         LINE#         93
  C:206AH         LINE#         94
  C:206AH         LINE#         95
  C:2080H         LINE#         96
  C:2096H         LINE#         97
  C:20AFH         LINE#         101
  -------         ENDPROC       _RGB_SETBRIGHT
  C:2195H         SYMBOL        L?0347
  C:219CH         SYMBOL        L?0348
BL51 BANKED LINKER/LOCATER V6.22                                                      12/15/2025  08:35:41  PAGE 15


  -------         PROC          L?0346
  -------         ENDPROC       L?0346
  C:2195H         SYMBOL        L?0347
  C:219CH         SYMBOL        L?0348
  -------         PROC          _RGB_SETCOLOR
  X:015AH         SYMBOL        Color
  X:015EH         SYMBOL        Brightness
  C:21A2H         LINE#         102
  C:21A8H         LINE#         103
  C:21A8H         LINE#         104
  C:21B8H         LINE#         105
  C:21C8H         LINE#         106
  C:21D3H         LINE#         107
  C:21D3H         LINE#         108
  C:21D3H         LINE#         114
  C:21D3H         LINE#         115
  -------         ENDPROC       _RGB_SETCOLOR
  C:1E8CH         SYMBOL        L?0350
  C:1E97H         SYMBOL        L?0351
  -------         PROC          L?0349
  -------         ENDPROC       L?0349
  C:1E8CH         SYMBOL        L?0350
  C:1E97H         SYMBOL        L?0351
  -------         PROC          _SETCOLOR
  X:017EH         SYMBOL        color
  D:0005H         SYMBOL        duty
  D:0003H         SYMBOL        bright
  C:1E9EH         LINE#         117
  C:1EA3H         LINE#         118
  C:1EA3H         LINE#         119
  C:1EACH         LINE#         120
  C:1EBBH         LINE#         121
  C:1EC5H         LINE#         123
  C:1ECBH         LINE#         124
  C:1EECH         LINE#         126
  C:1EFBH         LINE#         127
  -------         ENDPROC       _SETCOLOR
  -------         PROC          _LED7_OUTDATA
  D:0007H         SYMBOL        Data
  C:2222H         LINE#         128
  C:2222H         LINE#         129
  C:2222H         LINE#         130
  C:222CH         LINE#         131
  C:2236H         LINE#         132
  C:2240H         LINE#         133
  C:224AH         LINE#         134
  C:2254H         LINE#         135
  C:225EH         LINE#         136
  C:2268H         LINE#         137
  -------         ENDPROC       _LED7_OUTDATA
  -------         PROC          _DISPLAY_LED_7
  D:0007H         SYMBOL        Num
  C:235EH         LINE#         138
  C:235EH         LINE#         139
  C:235EH         LINE#         140
  C:2364H         LINE#         141
  C:2373H         LINE#         142
BL51 BANKED LINKER/LOCATER V6.22                                                      12/15/2025  08:35:41  PAGE 16


  -------         ENDPROC       _DISPLAY_LED_7
  -------         PROC          RGB_ONDISPLAY
  C:0006H         LINE#         143
  C:0006H         LINE#         144
  C:0006H         LINE#         145
  C:0008H         LINE#         146
  -------         ENDPROC       RGB_ONDISPLAY
  -------         PROC          RGB_OFFDISPLAY
  C:07F4H         LINE#         147
  C:07F4H         LINE#         148
  C:07F4H         LINE#         149
  C:07F6H         LINE#         150
  C:07F8H         LINE#         151
  C:07FAH         LINE#         152
  C:07FCH         LINE#         153
  -------         ENDPROC       RGB_OFFDISPLAY
  -------         PROC          _SETPROCESSAUTOEFFECT
  D:0007H         SYMBOL        AutoEffect
  C:20FDH         LINE#         154
  C:20FDH         LINE#         155
  C:20FDH         LINE#         156
  C:2103H         LINE#         157
  C:2108H         LINE#         158
  C:211AH         LINE#         162
  C:211DH         LINE#         163
  C:2136H         LINE#         164
  -------         ENDPROC       _SETPROCESSAUTOEFFECT
  -------         PROC          KEY_GETKEY
  -------         DO            
  X:017FH         SYMBOL        i
  -------         ENDDO         
  C:1F66H         LINE#         166
  C:1F66H         LINE#         167
  C:1F66H         LINE#         168
  C:1F6BH         LINE#         169
  C:1F71H         LINE#         170
  C:1F71H         LINE#         171
  C:1F7AH         LINE#         172
  C:1F7AH         LINE#         173
  C:1F81H         LINE#         174
  C:1F8AH         LINE#         175
  C:1F8DH         LINE#         186
  C:1F8DH         LINE#         188
  C:1F96H         LINE#         189
  C:1F96H         LINE#         190
  C:1F9DH         LINE#         191
  C:1FA6H         LINE#         192
  C:1FA9H         LINE#         203
  C:1FA9H         LINE#         204
  C:1FB2H         LINE#         205
  C:1FB2H         LINE#         206
  C:1FB9H         LINE#         207
  C:1FC2H         LINE#         208
  C:1FC5H         LINE#         219
  C:1FC5H         LINE#         220
  C:1FC5H         LINE#         221
  C:1FC7H         LINE#         222
BL51 BANKED LINKER/LOCATER V6.22                                                      12/15/2025  08:35:41  PAGE 17


  -------         ENDPROC       KEY_GETKEY
  -------         PROC          _CHECK_BUTTON
  X:0176H         SYMBOL        Bright
  -------         DO            
  X:0177H         SYMBOL        Key
  -------         ENDDO         
  C:153DH         LINE#         223
  C:1542H         LINE#         224
  C:1542H         LINE#         225
  C:154AH         LINE#         226
  C:1560H         LINE#         227
  C:1560H         LINE#         228
  C:1560H         LINE#         229
  C:1560H         LINE#         230
  C:1563H         LINE#         231
  C:1569H         LINE#         232
  C:1569H         LINE#         233
  C:1571H         LINE#         234
  C:1578H         LINE#         235
  C:157BH         LINE#         236
  C:1582H         LINE#         237
  C:158AH         LINE#         239
  C:158AH         LINE#         240
  C:1595H         LINE#         241
  C:1595H         LINE#         242
  C:1599H         LINE#         243
  C:159BH         LINE#         244
  C:159BH         LINE#         245
  C:15A3H         LINE#         246
  C:15A3H         LINE#         247
  C:15A9H         LINE#         248
  C:15AEH         LINE#         249
  C:15C6H         LINE#         250
  C:15C9H         LINE#         251
  C:15CCH         LINE#         252
  C:15CCH         LINE#         253
  C:15D6H         LINE#         254
  C:15D6H         LINE#         255
  C:15DEH         LINE#         256
  C:15DEH         LINE#         257
  C:15E4H         LINE#         258
  C:15E9H         LINE#         260
  C:15F0H         LINE#         261
  C:15F3H         LINE#         262
  C:1600H         LINE#         263
  C:161FH         LINE#         264
  C:1626H         LINE#         265
  C:1628H         LINE#         267
  C:1628H         LINE#         268
  C:162AH         LINE#         270
  C:162AH         LINE#         271
  C:162FH         LINE#         272
  C:1636H         LINE#         273
  C:1639H         LINE#         274
  C:1646H         LINE#         275
  C:1665H         LINE#         276
  C:166CH         LINE#         277
BL51 BANKED LINKER/LOCATER V6.22                                                      12/15/2025  08:35:41  PAGE 18


  C:1674H         LINE#         279
  C:1679H         LINE#         280
  C:1679H         LINE#         281
  C:1679H         LINE#         282
  C:1679H         LINE#         283
  C:167BH         LINE#         284
  C:167BH         LINE#         316
  C:167BH         LINE#         317
  C:167BH         LINE#         319
  C:168CH         LINE#         320
  C:168FH         LINE#         321
  C:1697H         LINE#         323
  C:169CH         LINE#         324
  C:16A9H         LINE#         325
  C:16A9H         LINE#         326
  C:16ABH         LINE#         327
  C:16ABH         LINE#         328
  C:16ABH         LINE#         329
  C:16ABH         LINE#         330
  C:16B6H         LINE#         331
  C:16B8H         LINE#         332
  C:16C0H         LINE#         333
  C:16C0H         LINE#         335
  C:16C8H         LINE#         336
  C:16CEH         LINE#         337
  C:16D3H         LINE#         338
  C:16D3H         LINE#         339
  C:16D3H         LINE#         340
  C:16D3H         LINE#         341
  C:16D5H         LINE#         343
  C:16D5H         LINE#         344
  C:16DDH         LINE#         345
  C:16E3H         LINE#         346
  C:16E9H         LINE#         347
  C:16EFH         LINE#         348
  C:1708H         LINE#         349
  C:170BH         LINE#         350
  C:170BH         LINE#         351
  C:170BH         LINE#         352
  C:170DH         LINE#         353
  C:170DH         LINE#         354
  C:170DH         LINE#         355
  C:170DH         LINE#         356
  C:1713H         LINE#         357
  C:1713H         LINE#         358
  C:171EH         LINE#         359
  C:171EH         LINE#         360
  C:1720H         LINE#         361
  C:1720H         LINE#         362
  C:1726H         LINE#         363
  C:1729H         LINE#         364
  C:172BH         LINE#         366
  C:172BH         LINE#         367
  C:1732H         LINE#         368
  C:1738H         LINE#         369
  C:1738H         LINE#         370
  C:173BH         LINE#         371
BL51 BANKED LINKER/LOCATER V6.22                                                      12/15/2025  08:35:41  PAGE 19


  C:173BH         LINE#         372
  C:1743H         LINE#         373
  C:1743H         LINE#         374
  C:1746H         LINE#         375
  C:1746H         LINE#         376
  C:1746H         LINE#         377
  C:1746H         LINE#         378
  C:1750H         LINE#         379
  -------         ENDPROC       _CHECK_BUTTON
  -------         PROC          _RGB_PROCESSKEY
  X:016DH         SYMBOL        Key
  X:0171H         SYMBOL        Bright
  C:004EH         LINE#         381
  C:0054H         LINE#         382
  C:0054H         LINE#         383
  C:007CH         LINE#         384
  C:007CH         LINE#         385
  C:0081H         LINE#         386
  C:0094H         LINE#         387
  C:009EH         LINE#         388
  C:009FH         LINE#         389
  C:00C7H         LINE#         390
  C:00C7H         LINE#         391
  C:00CCH         LINE#         392
  C:00DFH         LINE#         393
  C:00E9H         LINE#         394
  C:00EAH         LINE#         395
  C:0112H         LINE#         396
  C:0112H         LINE#         397
  C:0117H         LINE#         398
  C:012AH         LINE#         399
  C:0134H         LINE#         400
  C:0135H         LINE#         401
  C:015DH         LINE#         402
  C:015DH         LINE#         403
  C:0162H         LINE#         404
  C:0175H         LINE#         405
  C:017FH         LINE#         406
  C:0180H         LINE#         407
  C:01A8H         LINE#         408
  C:01A8H         LINE#         409
  C:01ADH         LINE#         410
  C:01C0H         LINE#         411
  C:01CAH         LINE#         412
  C:01CBH         LINE#         413
  C:01F3H         LINE#         414
  C:01F3H         LINE#         415
  C:01F8H         LINE#         416
  C:020BH         LINE#         417
  C:0215H         LINE#         418
  C:0216H         LINE#         419
  C:023EH         LINE#         420
  C:023EH         LINE#         421
  C:0243H         LINE#         422
  C:0256H         LINE#         423
  C:0260H         LINE#         424
  C:0261H         LINE#         425
BL51 BANKED LINKER/LOCATER V6.22                                                      12/15/2025  08:35:41  PAGE 20


  C:0289H         LINE#         426
  C:0289H         LINE#         427
  C:028EH         LINE#         428
  C:02A1H         LINE#         429
  C:02ABH         LINE#         430
  C:02ACH         LINE#         431
  C:02D4H         LINE#         432
  C:02D4H         LINE#         433
  C:02D9H         LINE#         434
  C:02ECH         LINE#         435
  C:02F6H         LINE#         436
  C:02F7H         LINE#         437
  C:031FH         LINE#         438
  C:031FH         LINE#         439
  C:0324H         LINE#         440
  C:0337H         LINE#         441
  C:0341H         LINE#         442
  C:0342H         LINE#         443
  C:036AH         LINE#         444
  C:036AH         LINE#         445
  C:036FH         LINE#         446
  C:0382H         LINE#         447
  C:038CH         LINE#         448
  C:038DH         LINE#         449
  C:03B5H         LINE#         450
  C:03B5H         LINE#         451
  C:03BAH         LINE#         452
  C:03CDH         LINE#         453
  C:03D7H         LINE#         454
  C:03D8H         LINE#         455
  C:0400H         LINE#         456
  C:0400H         LINE#         457
  C:0405H         LINE#         458
  C:0418H         LINE#         459
  C:0422H         LINE#         460
  C:0423H         LINE#         461
  C:044BH         LINE#         462
  C:044BH         LINE#         463
  C:0450H         LINE#         464
  C:0463H         LINE#         465
  C:046DH         LINE#         466
  C:046EH         LINE#         467
  C:0496H         LINE#         468
  C:0496H         LINE#         469
  C:049BH         LINE#         470
  C:04AEH         LINE#         471
  C:04B8H         LINE#         472
  C:04B9H         LINE#         473
  C:04E1H         LINE#         474
  C:04E1H         LINE#         475
  C:04E6H         LINE#         476
  C:04F9H         LINE#         477
  C:0503H         LINE#         478
  C:0504H         LINE#         495
  C:052CH         LINE#         496
  C:052CH         LINE#         497
  C:0533H         LINE#         498
BL51 BANKED LINKER/LOCATER V6.22                                                      12/15/2025  08:35:41  PAGE 21


  C:0533H         LINE#         499
  C:0539H         LINE#         500
  C:053BH         LINE#         502
  C:053BH         LINE#         503
  C:0549H         LINE#         504
  C:0551H         LINE#         505
  C:0551H         LINE#         506
  C:0557H         LINE#         507
  C:055CH         LINE#         508
  C:0574H         LINE#         509
  C:0577H         LINE#         510
  C:0577H         LINE#         511
  C:0579H         LINE#         512
  C:05A1H         LINE#         513
  C:05A1H         LINE#         514
  C:05A6H         LINE#         515
  C:05A6H         LINE#         529
  C:05CEH         LINE#         530
  C:05CEH         LINE#         531
  C:05D4H         LINE#         532
  C:05D4H         LINE#         533
  C:05DDH         LINE#         534
  C:05DDH         LINE#         535
  C:05E0H         LINE#         536
  C:05E4H         LINE#         537
  C:05E7H         LINE#         538
  C:05E7H         LINE#         539
  C:05E9H         LINE#         541
  C:05E9H         LINE#         542
  C:05F2H         LINE#         543
  C:05F2H         LINE#         544
  C:05F5H         LINE#         545
  C:05FAH         LINE#         546
  C:05FAH         LINE#         547
  C:05FAH         LINE#         548
  C:05FAH         LINE#         550
  C:05FCH         LINE#         551
  C:0624H         LINE#         552
  C:0624H         LINE#         553
  C:062AH         LINE#         554
  C:062AH         LINE#         555
  C:0633H         LINE#         556
  C:0633H         LINE#         557
  C:0636H         LINE#         558
  C:063AH         LINE#         559
  C:063DH         LINE#         560
  C:063DH         LINE#         561
  C:063FH         LINE#         563
  C:063FH         LINE#         564
  C:0648H         LINE#         565
  C:0648H         LINE#         566
  C:064BH         LINE#         567
  C:0650H         LINE#         568
  C:0650H         LINE#         569
  C:0650H         LINE#         570
  C:0650H         LINE#         572
  C:0652H         LINE#         573
BL51 BANKED LINKER/LOCATER V6.22                                                      12/15/2025  08:35:41  PAGE 22


  C:067AH         LINE#         574
  C:067AH         LINE#         575
  C:0680H         LINE#         576
  C:0680H         LINE#         577
  C:0682H         LINE#         578
  C:0695H         LINE#         579
  C:069DH         LINE#         580
  C:06A5H         LINE#         581
  C:06ACH         LINE#         582
  C:06B4H         LINE#         584
  C:06B9H         LINE#         585
  C:06BBH         LINE#         587
  C:06BBH         LINE#         588
  C:06C6H         LINE#         589
  C:06C8H         LINE#         590
  C:06D0H         LINE#         591
  C:06D8H         LINE#         593
  C:06DDH         LINE#         594
  C:06E0H         LINE#         595
  C:06E3H         LINE#         596
  C:06E3H         LINE#         597
  C:06E3H         LINE#         598
  C:06E5H         LINE#         599
  C:070DH         LINE#         600
  C:070DH         LINE#         601
  C:0718H         LINE#         602
  C:071AH         LINE#         603
  C:0721H         LINE#         604
  C:0727H         LINE#         605
  C:072BH         LINE#         606
  C:072BH         LINE#         607
  C:0731H         LINE#         608
  C:0733H         LINE#         609
  C:0739H         LINE#         610
  C:0739H         LINE#         611
  C:073FH         LINE#         612
  C:0745H         LINE#         613
  C:075EH         LINE#         614
  C:0764H         LINE#         615
  C:0767H         LINE#         616
  C:0767H         LINE#         617
  -------         ENDPROC       _RGB_PROCESSKEY
  -------         PROC          _PROGRAM_AUTOEFFECT
  D:0007H         SYMBOL        Auto_Effect
  C:1E11H         LINE#         618
  C:1E11H         LINE#         619
  C:1E11H         LINE#         620
  C:1E1CH         LINE#         621
  C:1E1CH         LINE#         622
  C:1E23H         LINE#         623
  C:1E23H         LINE#         624
  C:1E24H         LINE#         625
  C:1E46H         LINE#         627
  C:1E53H         LINE#         628
  C:1E53H         LINE#         629
  C:1E54H         LINE#         630
  C:1E59H         LINE#         631
BL51 BANKED LINKER/LOCATER V6.22                                                      12/15/2025  08:35:41  PAGE 23


  C:1E59H         LINE#         632
  C:1E5FH         LINE#         633
  C:1E5FH         LINE#         634
  C:1E61H         LINE#         635
  C:1E7BH         LINE#         636
  C:1E8BH         LINE#         638
  C:1E8BH         LINE#         639
  C:1E8BH         LINE#         640
  -------         ENDPROC       _PROGRAM_AUTOEFFECT
  -------         PROC          _PROGRAM_EFFECT
  X:0178H         SYMBOL        Prog_Effect
  X:0179H         SYMBOL        Bright
  C:0800H         LINE#         641
  C:080AH         LINE#         642
  C:080AH         LINE#         643
  C:0810H         LINE#         644
  C:0810H         LINE#         646
  C:0815H         LINE#         647
  C:0827H         LINE#         648
  C:0827H         LINE#         649
  C:0831H         LINE#         650
  C:0841H         LINE#         651
  C:0841H         LINE#         652
  C:084BH         LINE#         653
  C:084FH         LINE#         654
  C:084FH         LINE#         655
  C:084FH         LINE#         656
  C:0860H         LINE#         657
  C:0860H         LINE#         658
  C:086EH         LINE#         659
  C:0870H         LINE#         660
  C:0882H         LINE#         661
  C:0882H         LINE#         662
  C:0890H         LINE#         663
  C:0892H         LINE#         664
  C:08A6H         LINE#         665
  C:08A6H         LINE#         666
  C:08B4H         LINE#         667
  C:08B4H         LINE#         668
  C:08B6H         LINE#         669
  C:08C0H         LINE#         670
  C:08C0H         LINE#         673
  C:08C5H         LINE#         674
  C:08D7H         LINE#         675
  C:08D7H         LINE#         676
  C:08E1H         LINE#         677
  C:090CH         LINE#         678
  C:090CH         LINE#         679
  C:091DH         LINE#         680
  C:091DH         LINE#         681
  C:091DH         LINE#         682
  C:091FH         LINE#         683
  C:0931H         LINE#         684
  C:0931H         LINE#         685
  C:0931H         LINE#         686
  C:0933H         LINE#         687
  C:0947H         LINE#         688
BL51 BANKED LINKER/LOCATER V6.22                                                      12/15/2025  08:35:41  PAGE 24


  C:0947H         LINE#         689
  C:0947H         LINE#         690
  C:0947H         LINE#         691
  C:0949H         LINE#         692
  C:0951H         LINE#         693
  C:0951H         LINE#         696
  C:0956H         LINE#         697
  C:0968H         LINE#         698
  C:0968H         LINE#         699
  C:0972H         LINE#         700
  C:0982H         LINE#         701
  C:0982H         LINE#         702
  C:098CH         LINE#         703
  C:0990H         LINE#         704
  C:0990H         LINE#         705
  C:0990H         LINE#         706
  C:0990H         LINE#         707
  C:0992H         LINE#         708
  C:099CH         LINE#         709
  C:099CH         LINE#         712
  C:09A1H         LINE#         713
  C:09B3H         LINE#         714
  C:09B3H         LINE#         715
  C:09BDH         LINE#         716
  C:09DBH         LINE#         717
  C:09DBH         LINE#         718
  C:09ECH         LINE#         719
  C:09ECH         LINE#         720
  C:09ECH         LINE#         721
  C:09EEH         LINE#         722
  C:0A00H         LINE#         723
  C:0A00H         LINE#         724
  C:0A00H         LINE#         726
  C:0A02H         LINE#         727
  C:0A14H         LINE#         728
  C:0A14H         LINE#         729
  C:0A14H         LINE#         730
  C:0A16H         LINE#         731
  C:0A28H         LINE#         732
  C:0A28H         LINE#         733
  C:0A28H         LINE#         734
  C:0A28H         LINE#         735
  C:0A2AH         LINE#         736
  C:0A3CH         LINE#         737
  C:0A3CH         LINE#         738
  C:0A3CH         LINE#         739
  C:0A3CH         LINE#         740
  C:0A3EH         LINE#         741
  C:0A50H         LINE#         742
  C:0A50H         LINE#         743
  C:0A53H         LINE#         744
  C:0A70H         LINE#         745
  C:0A72H         LINE#         746
  C:0A86H         LINE#         747
  C:0A86H         LINE#         748
  C:0A86H         LINE#         749
  C:0A86H         LINE#         750
BL51 BANKED LINKER/LOCATER V6.22                                                      12/15/2025  08:35:41  PAGE 25


  C:0A86H         LINE#         751
  C:0A86H         LINE#         752
  C:0A88H         LINE#         753
  C:0A92H         LINE#         754
  C:0A92H         LINE#         757
  C:0A97H         LINE#         758
  C:0AA9H         LINE#         759
  C:0AA9H         LINE#         760
  C:0AB3H         LINE#         761
  C:0AD1H         LINE#         762
  C:0AD1H         LINE#         763
  C:0AE2H         LINE#         764
  C:0AE4H         LINE#         765
  C:0AF6H         LINE#         766
  C:0AF8H         LINE#         767
  C:0B0AH         LINE#         768
  C:0B0CH         LINE#         769
  C:0B1EH         LINE#         770
  C:0B20H         LINE#         771
  C:0B32H         LINE#         772
  C:0B3AH         LINE#         773
  C:0B4CH         LINE#         774
  C:0B4EH         LINE#         775
  C:0B60H         LINE#         776
  C:0B60H         LINE#         777
  C:0B6CH         LINE#         778
  C:0B78H         LINE#         779
  C:0B7AH         LINE#         780
  C:0B8CH         LINE#         781
  C:0B8CH         LINE#         782
  C:0B8FH         LINE#         783
  C:0BACH         LINE#         784
  C:0BAEH         LINE#         785
  C:0BC0H         LINE#         786
  C:0BC0H         LINE#         787
  C:0BD3H         LINE#         788
  C:0BDCH         LINE#         789
  C:0BDEH         LINE#         790
  C:0BF0H         LINE#         791
  C:0BF0H         LINE#         792
  C:0C05H         LINE#         793
  C:0C17H         LINE#         794
  C:0C19H         LINE#         795
  C:0C2BH         LINE#         796
  C:0C2BH         LINE#         797
  C:0C46H         LINE#         798
  C:0C56H         LINE#         799
  C:0C58H         LINE#         800
  C:0C6AH         LINE#         801
  C:0C6AH         LINE#         802
  C:0C94H         LINE#         803
  C:0CA6H         LINE#         804
  C:0CA8H         LINE#         805
  C:0CBAH         LINE#         806
  C:0CBAH         LINE#         807
  C:0CC6H         LINE#         808
  C:0CD9H         LINE#         809
BL51 BANKED LINKER/LOCATER V6.22                                                      12/15/2025  08:35:41  PAGE 26


  C:0CE9H         LINE#         810
  C:0CEBH         LINE#         811
  C:0CFFH         LINE#         812
  C:0CFFH         LINE#         813
  C:0D02H         LINE#         814
  C:0D17H         LINE#         815
  C:0D2CH         LINE#         816
  C:0D2CH         LINE#         817
  C:0D2CH         LINE#         818
  C:0D36H         LINE#         819
  C:0D36H         LINE#         821
  C:0D3BH         LINE#         822
  C:0D4DH         LINE#         823
  C:0D4DH         LINE#         824
  C:0D57H         LINE#         825
  C:0D75H         LINE#         826
  C:0D75H         LINE#         827
  C:0D86H         LINE#         828
  C:0D86H         LINE#         830
  C:0D8CH         LINE#         831
  C:0D96H         LINE#         832
  C:0D96H         LINE#         833
  C:0D98H         LINE#         834
  C:0DAAH         LINE#         835
  C:0DAAH         LINE#         836
  C:0DB8H         LINE#         837
  C:0DBCH         LINE#         838
  C:0DBFH         LINE#         839
  C:0DC0H         LINE#         840
  C:0DD2H         LINE#         841
  C:0DD2H         LINE#         842
  C:0DD6H         LINE#         843
  C:0DDAH         LINE#         844
  C:0DE5H         LINE#         845
  C:0DE6H         LINE#         846
  C:0DF8H         LINE#         847
  C:0DF8H         LINE#         848
  C:0DFCH         LINE#         849
  C:0E09H         LINE#         850
  C:0E09H         LINE#         851
  C:0E0BH         LINE#         852
  C:0E1DH         LINE#         853
  C:0E1DH         LINE#         854
  C:0E28H         LINE#         855
  C:0E2BH         LINE#         856
  C:0E2FH         LINE#         857
  C:0E30H         LINE#         858
  C:0E44H         LINE#         859
  C:0E44H         LINE#         860
  C:0E4AH         LINE#         861
  C:0E4DH         LINE#         862
  C:0E5BH         LINE#         863
  C:0E5BH         LINE#         864
  C:0E5CH         LINE#         865
  C:0E66H         LINE#         866
  C:0E66H         LINE#         868
  C:0E6BH         LINE#         869
BL51 BANKED LINKER/LOCATER V6.22                                                      12/15/2025  08:35:41  PAGE 27


  C:0E76H         LINE#         870
  C:0E76H         LINE#         871
  C:0E78H         LINE#         872
  C:0E8AH         LINE#         873
  C:0E8AH         LINE#         874
  C:0E94H         LINE#         875
  C:0EB1H         LINE#         876
  C:0EB1H         LINE#         877
  C:0EB1H         LINE#         878
  C:0EDEH         LINE#         879
  C:0EF1H         LINE#         880
  C:0EF1H         LINE#         881
  -------         ENDPROC       _PROGRAM_EFFECT
  -------         ENDMOD        EFFECT

  -------         MODULE        SAVEDATA
  C:0000H         SYMBOL        _ICE_DUMMY_
  D:0090H         PUBLIC        P1
  D:00B0H         PUBLIC        P3
  D:00E8H         PUBLIC        IE_EX
  D:00A8H         PUBLIC        IE
  D:00B8H         PUBLIC        IP
  D:00D8H         PUBLIC        USB_INT_FG
  D:0098H         PUBLIC        SCON
  D:0088H         PUBLIC        TCON
  D:00F8H         PUBLIC        SPI0_STAT
  C:2374H         PUBLIC        SAVEDATA
  D:0080H         PUBLIC        ADC_CTRL
  X:017AH         PUBLIC        Pointer
  D:00C0H         PUBLIC        SCON1
  D:00C8H         PUBLIC        T2CON
  C:238AH         PUBLIC        LOADSAVEDATA
  D:00D0H         PUBLIC        PSW
  -------         PROC          SAVEDATA
  C:2374H         LINE#         8
  C:2374H         LINE#         9
  C:2374H         LINE#         11
  -------         ENDPROC       SAVEDATA
  -------         PROC          LOADSAVEDATA
  C:238AH         LINE#         13
  C:238AH         LINE#         14
  C:238AH         LINE#         16
  -------         ENDPROC       LOADSAVEDATA
  -------         ENDMOD        SAVEDATA

  -------         MODULE        WRITEFLASHROM
  C:0000H         SYMBOL        _ICE_DUMMY_
  D:0090H         PUBLIC        P1
  D:00B0H         PUBLIC        P3
  D:0086H         PUBLIC        ROM_CTRL
  D:00E8H         PUBLIC        IE_EX
  D:00A8H         PUBLIC        IE
  D:00B8H         PUBLIC        IP
  D:00D8H         PUBLIC        USB_INT_FG
  D:0098H         PUBLIC        SCON
  D:0088H         PUBLIC        TCON
  D:00F8H         PUBLIC        SPI0_STAT
BL51 BANKED LINKER/LOCATER V6.22                                                      12/15/2025  08:35:41  PAGE 28


  D:0080H         PUBLIC        ADC_CTRL
  D:00A1H         PUBLIC        SAFE_MOD
  D:00B1H         PUBLIC        GLOBAL_CFG
  D:00C0H         PUBLIC        SCON1
  D:00C8H         PUBLIC        T2CON
  D:008EH         PUBLIC        ROM_DATA
  D:0084H         PUBLIC        ROM_ADDR
  C:2000H         PUBLIC        _WriteDoubleByteROM
  D:00D0H         PUBLIC        PSW
  -------         PROC          _WRITEDOUBLEBYTEROM
  X:015CH         SYMBOL        Addr
  D:0001H         SYMBOL        Data
  X:0161H         SYMBOL        lenght
  -------         DO            
  D:0008H         SYMBOL        i
  D:0001H         SYMBOL        Pointer
  -------         ENDDO         
  C:2000H         LINE#         6
  C:2008H         LINE#         7
  C:2008H         LINE#         10
  C:200BH         LINE#         11
  C:200EH         LINE#         12
  C:2011H         LINE#         13
  C:2011H         LINE#         14
  C:2023H         LINE#         15
  C:2023H         LINE#         16
  C:202FH         LINE#         17
  C:2040H         LINE#         18
  C:2043H         LINE#         19
  C:204DH         LINE#         20
  C:2054H         LINE#         21
  C:2058H         LINE#         22
  C:205BH         LINE#         23
  C:205EH         LINE#         24
  C:2061H         LINE#         25
  -------         ENDPROC       _WRITEDOUBLEBYTEROM
  -------         ENDMOD        WRITEFLASHROM

  -------         MODULE        ADC
  C:0000H         SYMBOL        _ICE_DUMMY_
  D:0090H         PUBLIC        P1
  D:00B0H         PUBLIC        P3
  D:00E8H         PUBLIC        IE_EX
  D:00A8H         PUBLIC        IE
  D:00B8H         PUBLIC        IP
  D:00D8H         PUBLIC        USB_INT_FG
  I:0025H         PUBLIC        ADC_Value
  D:0098H         PUBLIC        SCON
  D:0088H         PUBLIC        TCON
  B:00E8H.3       PUBLIC        IE_ADC
  B:0080H.5       PUBLIC        ADC_IF
  B:0080H.4       PUBLIC        ADC_START
  D:00F8H         PUBLIC        SPI0_STAT
  C:23C2H         PUBLIC        ADC_Init
  D:009FH         PUBLIC        ADC_DATA
  D:0080H         PUBLIC        ADC_CTRL
  D:00C0H         PUBLIC        SCON1
BL51 BANKED LINKER/LOCATER V6.22                                                      12/15/2025  08:35:41  PAGE 29


  D:00C8H         PUBLIC        T2CON
  B:0080H.0       PUBLIC        ADC_CHAN0
  B:0080H.1       PUBLIC        ADC_CHAN1
  D:009AH         PUBLIC        ADC_CFG
  D:00D0H         PUBLIC        PSW
  C:239DH         PUBLIC        ADC_Interrupt
  -------         PROC          ADC_INIT
  C:23C2H         LINE#         3
  C:23C2H         LINE#         4
  C:23C2H         LINE#         5
  C:23C5H         LINE#         6
  C:23C8H         LINE#         7
  C:23CAH         LINE#         8
  C:23CCH         LINE#         9
  C:23CEH         LINE#         10
  C:23D0H         LINE#         11
  C:23D2H         LINE#         12
  -------         ENDPROC       ADC_INIT
  -------         PROC          ADC_INTERRUPT
  C:239DH         LINE#         13
  C:23A2H         LINE#         15
  C:23A4H         LINE#         16
  C:23A6H         LINE#         17
  C:23AAH         LINE#         18
  -------         ENDPROC       ADC_INTERRUPT
  -------         ENDMOD        ADC

  -------         MODULE        EFFECT_RGBDANCE
  C:0000H         SYMBOL        _ICE_DUMMY_
  X:014FH         PUBLIC        Step_Color
  D:0090H         PUBLIC        P1
  D:00B0H         PUBLIC        P3
  X:0150H         PUBLIC        _Flagcount
  X:0152H         PUBLIC        Time_Wait
  D:00E8H         PUBLIC        IE_EX
  D:00A8H         PUBLIC        IE
  D:00B8H         PUBLIC        IP
  D:00D8H         PUBLIC        USB_INT_FG
  X:0154H         PUBLIC        Step_Duty
  C:18F5H         PUBLIC        _EFFECT_MoveColor
  D:0098H         PUBLIC        SCON
  D:0088H         PUBLIC        TCON
  D:00F8H         PUBLIC        SPI0_STAT
  X:0155H         PUBLIC        _FlagFade
  X:0156H         PUBLIC        _Flag_color
  C:1A69H         PUBLIC        _EFFECT_MoveColor2
  D:0080H         PUBLIC        ADC_CTRL
  X:0157H         PUBLIC        _FlagMusic
  D:00C0H         PUBLIC        SCON1
  D:00C8H         PUBLIC        T2CON
  X:0158H         PUBLIC        Time_Color
  D:00D0H         PUBLIC        PSW
  -------         PROC          _EFFECT_MOVECOLOR
  X:017CH         SYMBOL        Duty
  X:017DH         SYMBOL        Bright
  C:18F5H         LINE#         8
  C:18FDH         LINE#         9
BL51 BANKED LINKER/LOCATER V6.22                                                      12/15/2025  08:35:41  PAGE 30


  C:18FDH         LINE#         10
  C:1912H         LINE#         11
  C:1912H         LINE#         12
  C:1919H         LINE#         13
  C:1921H         LINE#         14
  C:1926H         LINE#         15
  C:1926H         LINE#         16
  C:192FH         LINE#         17
  C:192FH         LINE#         18
  C:1939H         LINE#         19
  C:1939H         LINE#         20
  C:193BH         LINE#         21
  C:1941H         LINE#         22
  C:194BH         LINE#         23
  C:194BH         LINE#         24
  C:194DH         LINE#         25
  C:194DH         LINE#         26
  C:194DH         LINE#         27
  C:194FH         LINE#         29
  C:194FH         LINE#         30
  C:1964H         LINE#         31
  C:1964H         LINE#         32
  C:196BH         LINE#         33
  C:1975H         LINE#         34
  C:1975H         LINE#         35
  C:1977H         LINE#         36
  C:1977H         LINE#         37
  C:1977H         LINE#         38
  C:197EH         LINE#         39
  C:197EH         LINE#         40
  C:1987H         LINE#         43
  C:19A6H         LINE#         44
  C:19A6H         LINE#         45
  C:19A6H         LINE#         46
  C:19A6H         LINE#         47
  C:19B0H         LINE#         48
  C:19B7H         LINE#         49
  C:19B7H         LINE#         50
  C:19B9H         LINE#         51
  C:19B9H         LINE#         52
  C:19B9H         LINE#         53
  C:19C0H         LINE#         54
  C:19C0H         LINE#         55
  C:19C0H         LINE#         56
  C:19C2H         LINE#         57
  C:19C2H         LINE#         58
  C:19C2H         LINE#         59
  C:19CDH         LINE#         60
  C:19D5H         LINE#         61
  C:19D5H         LINE#         62
  C:19D7H         LINE#         63
  C:19D7H         LINE#         64
  C:19D7H         LINE#         65
  C:19E4H         LINE#         66
  C:19F1H         LINE#         67
  C:19F8H         LINE#         68
  C:19FAH         LINE#         69
BL51 BANKED LINKER/LOCATER V6.22                                                      12/15/2025  08:35:41  PAGE 31


  C:19FAH         LINE#         70
  C:19FAH         LINE#         71
  C:1A07H         LINE#         72
  C:1A13H         LINE#         73
  C:1A1BH         LINE#         74
  C:1A1DH         LINE#         75
  C:1A1DH         LINE#         76
  C:1A1DH         LINE#         77
  C:1A28H         LINE#         78
  C:1A35H         LINE#         79
  C:1A3DH         LINE#         80
  C:1A3FH         LINE#         81
  C:1A3FH         LINE#         82
  C:1A3FH         LINE#         83
  C:1A4CH         LINE#         84
  C:1A59H         LINE#         85
  C:1A66H         LINE#         86
  C:1A66H         LINE#         87
  C:1A66H         LINE#         94
  C:1A68H         LINE#         95
  -------         ENDPROC       _EFFECT_MOVECOLOR
  -------         PROC          _EFFECT_MOVECOLOR2
  X:0180H         SYMBOL        Duty
  D:0005H         SYMBOL        _dBand
  C:1A69H         LINE#         97
  C:1A6EH         LINE#         98
  C:1A6EH         LINE#         99
  C:1A74H         LINE#         100
  C:1A76H         LINE#         101
  C:1A7CH         LINE#         102
  C:1A7CH         LINE#         103
  C:1A85H         LINE#         104
  C:1A85H         LINE#         106
  C:1A8BH         LINE#         107
  C:1A8BH         LINE#         108
  C:1A95H         LINE#         109
  C:1A95H         LINE#         110
  C:1A9FH         LINE#         111
  C:1A9FH         LINE#         113
  C:1AB8H         LINE#         114
  C:1AB8H         LINE#         115
  C:1ABFH         LINE#         116
  C:1ACAH         LINE#         117
  C:1ACAH         LINE#         118
  C:1ACCH         LINE#         119
  C:1AD6H         LINE#         120
  C:1AD8H         LINE#         121
  C:1AD8H         LINE#         122
  C:1AD8H         LINE#         123
  C:1AF3H         LINE#         124
  C:1AF3H         LINE#         125
  C:1AF3H         LINE#         126
  C:1AF3H         LINE#         127
  C:1AFFH         LINE#         128
  C:1B10H         LINE#         129
  C:1B14H         LINE#         130
  C:1B16H         LINE#         131
BL51 BANKED LINKER/LOCATER V6.22                                                      12/15/2025  08:35:41  PAGE 32


  C:1B16H         LINE#         132
  C:1B16H         LINE#         133
  C:1B27H         LINE#         134
  C:1B30H         LINE#         135
  C:1B37H         LINE#         136
  C:1B39H         LINE#         137
  C:1B39H         LINE#         138
  C:1B39H         LINE#         139
  C:1B41H         LINE#         140
  C:1B4DH         LINE#         141
  C:1B59H         LINE#         142
  C:1B5BH         LINE#         143
  C:1B5BH         LINE#         144
  C:1B5BH         LINE#         145
  C:1B67H         LINE#         146
  C:1B78H         LINE#         147
  C:1B7FH         LINE#         148
  C:1B81H         LINE#         149
  C:1B81H         LINE#         150
  C:1B81H         LINE#         151
  C:1B92H         LINE#         152
  C:1B9BH         LINE#         153
  C:1B9FH         LINE#         154
  C:1B9FH         LINE#         155
  C:1BA4H         LINE#         160
  C:1BA4H         LINE#         161
  C:1BA4H         LINE#         162
  C:1BA6H         LINE#         163
  -------         ENDPROC       _EFFECT_MOVECOLOR2
  -------         ENDMOD        EFFECT_RGBDANCE

  -------         MODULE        ?C?COPY
  C:0FC2H         PUBLIC        ?C?COPY
  -------         ENDMOD        ?C?COPY

  -------         MODULE        ?C?IMUL
  C:0FE8H         PUBLIC        ?C?IMUL
  -------         ENDMOD        ?C?IMUL

  -------         MODULE        ?C?UIDIV
  C:0FFAH         PUBLIC        ?C?UIDIV
  -------         ENDMOD        ?C?UIDIV

  -------         MODULE        ?C?SIDIV
  C:104FH         PUBLIC        ?C?SIDIV
  -------         ENDMOD        ?C?SIDIV

  -------         MODULE        ?C?IILDX
  C:1085H         PUBLIC        ?C?IILDX
  -------         ENDMOD        ?C?IILDX

  -------         MODULE        ?C?ILDPTR
  C:109BH         PUBLIC        ?C?ILDPTR
  -------         ENDMOD        ?C?ILDPTR

  -------         MODULE        ?C?ULDIV
  C:1102H         PUBLIC        ?C?ULDIV
BL51 BANKED LINKER/LOCATER V6.22                                                      12/15/2025  08:35:41  PAGE 33


  -------         ENDMOD        ?C?ULDIV

  -------         MODULE        ?C?SLDIV
  C:2269H         PUBLIC        ?C?SLDIV
  -------         ENDMOD        ?C?SLDIV

  -------         MODULE        ?C?ULCMP
  C:1194H         PUBLIC        ?C?ULCMP
  -------         ENDMOD        ?C?ULCMP

  -------         MODULE        ?C?ULSHR
  C:11A5H         PUBLIC        ?C?ULSHR
  -------         ENDMOD        ?C?ULSHR

  -------         MODULE        ?C?SLSHR
  C:11B8H         PUBLIC        ?C?SLSHR
  -------         ENDMOD        ?C?SLSHR

  -------         MODULE        ?C?LSHL
  C:11CCH         PUBLIC        ?C?LSHL
  -------         ENDMOD        ?C?LSHL

  -------         MODULE        ?C?LLDXDATA
  C:11DFH         PUBLIC        ?C?LLDXDATA
  -------         ENDMOD        ?C?LLDXDATA

  -------         MODULE        ?C?LLDXDATA0
  C:11EBH         PUBLIC        ?C?LLDXDATA0
  -------         ENDMOD        ?C?LLDXDATA0

  -------         MODULE        ?C?LILDXDATA
  C:1200H         PUBLIC        ?C?LILDXDATA
  C:11F7H         PUBLIC        ?C?LILDXDATA1
  C:11F9H         PUBLIC        ?C?LILDXDATA8
  -------         ENDMOD        ?C?LILDXDATA

  -------         MODULE        ?C?LSTXDATA
  C:122CH         PUBLIC        ?C?LSTXDATA
  -------         ENDMOD        ?C?LSTXDATA

  -------         MODULE        ?C?LSTKXDATA
  C:1238H         PUBLIC        ?C?LSTKXDATA
  -------         ENDMOD        ?C?LSTKXDATA

  -------         MODULE        ?C?OFFXADD
  C:1269H         PUBLIC        ?C?OFFXADD
  -------         ENDMOD        ?C?OFFXADD

  -------         MODULE        RAND
  X:0172H         PUBLIC        ?SRAND?BYTE
  C:20B0H         PUBLIC        RAND
  C:20EEH         PUBLIC        _SRAND
  -------         ENDMOD        RAND

*** WARNING L16: UNCALLED SEGMENT, IGNORED FOR OVERLAY PROCESS
    SEGMENT: ?PR?MINITSTDIO?DEBUG

BL51 BANKED LINKER/LOCATER V6.22                                                      12/15/2025  08:35:41  PAGE 34


*** WARNING L16: UNCALLED SEGMENT, IGNORED FOR OVERLAY PROCESS
    SEGMENT: ?PR?UART1SETUP?DEBUG

*** WARNING L16: UNCALLED SEGMENT, IGNORED FOR OVERLAY PROCESS
    SEGMENT: ?PR?_DISPLAY_LED_7?EFFECT

*** WARNING L16: UNCALLED SEGMENT, IGNORED FOR OVERLAY PROCESS
    SEGMENT: ?PR?_CHECK_BUTTON?EFFECT

*** WARNING L16: UNCALLED SEGMENT, IGNORED FOR OVERLAY PROCESS
    SEGMENT: ?PR?_RGB_PROCESSKEY?EFFECT

*** WARNING L16: UNCALLED SEGMENT, IGNORED FOR OVERLAY PROCESS
    SEGMENT: ?PR?_PROGRAM_AUTOEFFECT?EFFECT

*** WARNING L16: UNCALLED SEGMENT, IGNORED FOR OVERLAY PROCESS
    SEGMENT: ?PR?_PROGRAM_EFFECT?EFFECT

*** WARNING L16: UNCALLED SEGMENT, IGNORED FOR OVERLAY PROCESS
    SEGMENT: ?PR?_EFFECT_MOVECOLOR?EFFECT_RGBDANCE

*** WARNING L16: UNCALLED SEGMENT, IGNORED FOR OVERLAY PROCESS
    SEGMENT: ?PR?_EFFECT_MOVECOLOR2?EFFECT_RGBDANCE

Program Size: data=38.1 xdata=385 code=9150
LINK/LOCATE RUN COMPLETE.  9 WARNING(S),  0 ERROR(S)
